---------------------------------------------------------------------------------------------------
      name:  <unnamed>
       log:  C:\Users\k1635179\OneDrive - King's College London\Katie\OpenSafely\Safety mAB and ant
> ivirals\Safety-Sotrovimab-Paxlovid-Molnupiravir\analysis/logs/cleaning_dataset.log
  log type:  text
 opened on:  21 Jun 2023, 00:20:18

. 
. *Set Ado file path
. adopath + "$projectdir/analysis/ado"
  [1]  (BASE)      "C:\Program Files\Stata17\ado\base/"
  [2]  (SITE)      "C:\Program Files\Stata17\ado\site/"
  [3]              "."
  [4]  (PERSONAL)  "C:\users\PUBLIC\documents/"
  [5]  (PLUS)      "C:\users\PUBLIC\documents/"
  [6]  (OLDPLACE)  "c:\ado/"
  [7]              "C:\Users\k1635179\OneDrive - King's College London\Katie\OpenSafely\Safety mAB 
> and antivirals\Safety-Sotrovimab-Paxlovid-Molnupiravir\analysis/analysis/ado"

. 
. *       Import control dataset
. import delimited "$projectdir/output/input_control.csv", clear
file C:\Users\k1635179\OneDrive - King's College London\Katie\OpenSafely\Safety mAB and antivirals\
> Safety-Sotrovimab-Paxlovid-Molnupiravir\analysis/output/input_control.csv not found
r(601);

end of do-file

r(601);

. do "C:\Users\k1635179\AppData\Local\Temp\STD3b84_000000.tmp"

. global projectdir "C:\Users\k1635179\OneDrive - King's College London\Katie\OpenSafely\Safety mAB
>  and antivirals\Safety-Sotrovimab-Paxlovid-Molnupiravir"

. 
end of do-file

. do "C:\Users\k1635179\AppData\Local\Temp\STD3b84_000000.tmp"

. di "$projectdir"
C:\Users\k1635179\OneDrive - King's College London\Katie\OpenSafely\Safety mAB and antivirals\Safet
> y-Sotrovimab-Paxlovid-Molnupiravir

. capture mkdir "$projectdir/output/data"

. capture mkdir "$projectdir/output/figures"

. capture mkdir "$projectdir/output/tables"

. global logdir "$projectdir/logs"

. di "$logdir"
C:\Users\k1635179\OneDrive - King's College London\Katie\OpenSafely\Safety mAB and antivirals\Safet
> y-Sotrovimab-Paxlovid-Molnupiravir/logs

. * Open a log file
. cap log close
