----------------------------------------
      name:  <unnamed>
       log:  C:\Users\k1635179\OneDrive 
> - King's College London\Katie\OpenSafe
> ly\Safety mAB and antivirals\Safety-So
> trovimab-Paxlovid-Molnupiravir\analysi
> s/logs/cox_model.log
  log type:  text
 opened on:   1 Nov 2023, 11:20:35

. 
. *Set Ado file path
. adopath + "$projectdir/analysis/ado"
  [1]  (BASE)      "C:\Program Files\Sta
> ta17\ado\base/"
  [2]  (SITE)      "C:\Program Files\Sta
> ta17\ado\site/"
  [3]              "."
  [4]  (PERSONAL)  "C:\users\PUBLIC\docu
> ments/"
  [5]  (PLUS)      "C:\users\PUBLIC\docu
> ments/"
  [6]  (OLDPLACE)  "c:\ado/"
  [7]              "C:\Users\k1635179\On
> eDrive - King's College London\Katie\O
> penSafely\Safety mAB and antivirals\Sa
> fety-Sotrovimab-Paxlovid-Molnupiravir\
> analysis/analysis/ado"

. 
. * SET Index date 
. global indexdate                      
>   = "01/03/2020"

. 
. 
. use "$projectdir/output/data/main.dta"
> , clear
file C:\Users\k1635179\OneDrive -
    King's College
    London\Katie\OpenSafely\Safety mAB
    and
    antivirals\Safety-Sotrovimab-Paxlo
    > vid-Molnupiravir\analysis/output
    > /data/main.dta not found
r(601);

end of do-file

r(601);

. do "C:\Users\k1635179\AppData\Local\Temp\STDfac_000000.tmp"

. ********************************************************************************
. *
. *       Do-file:                        cox model
. *       Project:                        Sotrovimab-Paxlovid-Molnupiravir
. *   Date:                               06/4/23
. *       Programmed by:          Katie Bechman
. *       Description:            run cox models
. *       Data used:                      main.dta
. *       Data created:           coxoutput
. *       Other output:           logfiles, printed to folder $Logdir
. *       User installed ado: (place .ado file(s) in analysis folder)
. 
. ****************************************************************************************************************
. 
. global projectdir "C:\Users\k1635179\OneDrive - King's College London\Katie\OpenSafely\Safety mAB and antivirals\Safety-Sotrovimab-Paxlovid-Molnupiravir" 

. // global projectdir `c(pwd)'
. di "$projectdir"
C:\Users\k1635179\OneDrive - King's College London\Katie\OpenSafely\Safety mAB and antivirals\Safety-Sotrovimab-Paxlovid-Molnupiravir

. capture mkdir "$projectdir/output/data"

. capture mkdir "$projectdir/output/figures"

. capture mkdir "$projectdir/output/tables"

. global logdir "$projectdir/logs"

. di "$logdir"
C:\Users\k1635179\OneDrive - King's College London\Katie\OpenSafely\Safety mAB and antivirals\Safety-Sotrovimab-Paxlovid-Molnupiravir/logs

. * Open a log file
. cap log close
