-----------------------------------------------------------------
      name:  <unnamed>
       log:  C:\Users\k1635179\OneDrive - King's College London\K
> atie\OpenSafely\Safety mAB and antivirals\Safety-Sotrovimab-Pax
> lovid-Molnupiravir\analysis/logs/preceed_rate.log
  log type:  text
 opened on:  27 Sep 2023, 17:55:59

. 
. *Set Ado file path
. adopath + "$projectdir/analysis/ado"
  [1]  (BASE)      "C:\Program Files\Stata17\ado\base/"
  [2]  (SITE)      "C:\Program Files\Stata17\ado\site/"
  [3]              "."
  [4]  (PERSONAL)  "C:\users\PUBLIC\documents/"
  [5]  (PLUS)      "C:\users\PUBLIC\documents/"
  [6]  (OLDPLACE)  "c:\ado/"
  [7]              "C:\Users\k1635179\OneDrive - King's College L
> ondon\Katie\OpenSafely\Safety mAB and antivirals\Safety-Sotrovi
> mab-Paxlovid-Molnupiravir/analysis/ado"
  [8]              "C:\Users\k1635179\OneDrive - King's College L
> ondon\Katie\OpenSafely\Safety mAB and antivirals\Safety-Sotrovi
> mab-Paxlovid-Molnupiravir\analysis/analysis/ado"

. 
. * SET Index date 
. global indexdate                        = "01/03/2020"

. 
. use "$projectdir/output/data/main", clear
file C:\Users\k1635179\OneDrive - King's College
    London\Katie\OpenSafely\Safety mAB and
    antivirals\Safety-Sotrovimab-Paxlovid-Molnupiravir\analysis
    > /output/data/main.dta not found
r(601);

end of do-file

r(601);

. do "C:\Users\k1635179\AppData\Local\Temp\STD8d8_000000.tmp"

. ***************************************************************
> *****************
. *
. *       Do-file:                        preceeding rate
. *       Project:                        Sotrovimab-Paxlovid-Mol
> nupiravir
. *   Date:                               06/4/23
. *       Programmed by:          Katie Bechman
. *       Description:            run cox models
. *       Data used:                      main.dta
. *       Data created:           preceeding rate
. *       Other output:           logfiles, printed to folder $Lo
> gdir
. *       User installed ado: (place .ado file(s) in analysis fol
> der)
. 
. ***************************************************************
> *************************************************
. **Set filepaths
. global projectdir "C:\Users\k1635179\OneDrive - King's College 
> London\Katie\OpenSafely\Safety mAB and antivirals\Safety-Sotrov
> imab-Paxlovid-Molnupiravir"

. // global projectdir `c(pwd)'
. di "$projectdir"
C:\Users\k1635179\OneDrive - King's College London\Katie\OpenSafe
> ly\Safety mAB and antivirals\Safety-Sotrovimab-Paxlovid-Molnupi
> ravir

. capture mkdir "$projectdir/output/data"

. capture mkdir "$projectdir/output/figures"

. capture mkdir "$projectdir/output/tables"

. global logdir "$projectdir/logs"

. di "$logdir"
C:\Users\k1635179\OneDrive - King's College London\Katie\OpenSafe
> ly\Safety mAB and antivirals\Safety-Sotrovimab-Paxlovid-Molnupi
> ravir/logs

. * Open a log file
. cap log close
