--------------------------------------------------------------------------------------
      name:  <unnamed>
       log:  C:\Users\k1635179\OneDrive - King's College London\Katie\OpenSafely\Safet
> y mAB and antivirals\Safety-Sotrovimab-Paxlovid-Molnupiravir\analysis/logs/ps_model.
> log
  log type:  text
 opened on:  16 Aug 2023, 17:47:07

. 
. *Set Ado file path
. adopath + "$projectdir/analysis/ado"
  [1]  (BASE)      "C:\Program Files\Stata17\ado\base/"
  [2]  (SITE)      "C:\Program Files\Stata17\ado\site/"
  [3]              "."
  [4]  (PERSONAL)  "C:\users\PUBLIC\documents/"
  [5]  (PLUS)      "C:\users\PUBLIC\documents/"
  [6]  (OLDPLACE)  "c:\ado/"
  [7]              "C:\Users\k1635179\OneDrive - King's College London\Katie\OpenSafel
> y\Safety mAB and antivirals\Safety-Sotrovimab-Paxlovid-Molnupiravir\analysis/analysi
> s/ado"

. 
. * SET Index date 
. global indexdate                        = "01/03/2020"

. 
. use "$projectdir/output/data/main", clear
file C:\Users\k1635179\OneDrive - King's College London\Katie\OpenSafely\Safety mAB
    and
    antivirals\Safety-Sotrovimab-Paxlovid-Molnupiravir\analysis/output/data/main.dta
    not found
r(601);

end of do-file

r(601);

. do "C:\Users\k1635179\AppData\Local\Temp\STD6be0_000000.tmp"

. global projectdir "C:\Users\k1635179\OneDrive - King's College London\Katie\OpenSafe
> ly\Safety mAB and antivirals\Safety-Sotrovimab-Paxlovid-Molnupiravir"

. 
end of do-file

. do "C:\Users\k1635179\AppData\Local\Temp\STD6be0_000000.tmp"

. di "$projectdir"
C:\Users\k1635179\OneDrive - King's College London\Katie\OpenSafely\Safety mAB and ant
> ivirals\Safety-Sotrovimab-Paxlovid-Molnupiravir

. capture mkdir "$projectdir/output/data"

. capture mkdir "$projectdir/output/figures"

. capture mkdir "$projectdir/output/tables"

. global logdir "$projectdir/logs"

. di "$logdir"
C:\Users\k1635179\OneDrive - King's College London\Katie\OpenSafely\Safety mAB and ant
> ivirals\Safety-Sotrovimab-Paxlovid-Molnupiravir/logs

. * Open a log file
. cap log close
