---------------------------------------------------------------------------------------------------------------------------------------------------------------
      name:  <unnamed>
       log:  C:\Users\k1635179\OneDrive - King's College London\Katie\OpenSafely\Safety mAB and antivirals\Safety-Sotrovimab-Paxlovid-Molnupiravir\analysis/log
> s/ps_model.log
  log type:  text
 opened on:   6 Sep 2023, 11:16:59

. 
. *Set Ado file path
. adopath + "$projectdir/analysis/ado"
  [1]  (BASE)      "C:\Program Files\Stata17\ado\base/"
  [2]  (SITE)      "C:\Program Files\Stata17\ado\site/"
  [3]              "."
  [4]  (PERSONAL)  "C:\users\PUBLIC\documents/"
  [5]  (PLUS)      "C:\users\PUBLIC\documents/"
  [6]  (OLDPLACE)  "c:\ado/"
  [7]              "C:\Users\k1635179\OneDrive - King's College London\Katie\OpenSafely\Safety mAB and antivirals\Safety-Sotrovimab-Paxlovid-Molnupiravir/analy
> sis/ado"
  [8]              "C:\Users\k1635179\OneDrive - King's College London\Katie\OpenSafely\Safety mAB and antivirals\Safety-Sotrovimab-Paxlovid-Molnupiravir\analy
> sis/analysis/ado"

. 
. * SET Index date 
. global indexdate                        = "01/03/2020"

. 
. use "$projectdir/output/data/main", clear
file C:\Users\k1635179\OneDrive - King's College London\Katie\OpenSafely\Safety mAB and
    antivirals\Safety-Sotrovimab-Paxlovid-Molnupiravir\analysis/output/data/main.dta not found
r(601);

end of do-file

r(601);

. do "C:\Users\k1635179\AppData\Local\Temp\STD29d8_000000.tmp"

. ********************************************************************************
. *
. *       Do-file:                        propensity score cox model
. *       Project:                        Sotrovimab-Paxlovid-Molnupiravir
. *   Date:                               24/4/23
. *       Programmed by:          Katie Bechman
. *       Description:            create and run ps model
. *       Data used:                      main.dta
. *       Data created:           psoutput
. *       Other output:           logfiles, printed to folder $Logdir
. *       User installed ado: (place .ado file(s) in analysis folder)
. 
. ****************************************************************************************************************
. **Set filepaths
. global projectdir "C:\Users\k1635179\OneDrive - King's College London\Katie\OpenSafely\Safety mAB and antivirals\Safety-Sotrovimab-Paxlovid-Molnupiravir"

. // global projectdir `c(pwd)'
. di "$projectdir"
C:\Users\k1635179\OneDrive - King's College London\Katie\OpenSafely\Safety mAB and antivirals\Safety-Sotrovimab-Paxlovid-Molnupiravir

. capture mkdir "$projectdir/output/data"

. capture mkdir "$projectdir/output/figures"

. capture mkdir "$projectdir/output/tables"

. global logdir "$projectdir/logs"

. di "$logdir"
C:\Users\k1635179\OneDrive - King's College London\Katie\OpenSafely\Safety mAB and antivirals\Safety-Sotrovimab-Paxlovid-Molnupiravir/logs

. * Open a log file
. cap log close
